accessanalyzer
amp
amplify
apigateway
appconfig
appflow
appintegrations
applicationcostprofiler
appmesh
appsync
auditmanager
backup
batch
braket
chime
chime-sdk-identity
chime-sdk-messaging
clouddirectory
clouddirectory
cloudsearchdomain
codeartifact
codeguru-reviewer
codeguruprofiler
codestar-notifications
cognito-sync
connect
connect-contact-lens
connectparticipant
customer-profiles
databrew
detective
devops-guru
dlm
ebs
efs
eks
elastic-inference
elastictranscoder
emr-containers
es
finspace
finspace-data
fis
glacier
greengrassv2
groundstation
guardduty
honeycode
imagebuilder
iot
iot-data
iot-jobs-data
iot1click-projects
iotanalytics
iotdeviceadvisor
iotevents
iotevents-data
iotfleethub
iotsitewise
iotwireless
ivs
kinesis-video-archived-media
kinesis-video-media
kinesis-video-signaling
kinesisvideo
lambda
lambda
lex-models
lex-runtime
lexv2-models
lexv2-runtime
location
lookoutmetrics
lookoutvision
managedblockchain
marketplace-catalog
mediastore-data
mgn
mobile
mwaa
networkmanager
outposts
personalize-events
personalize-runtime
pinpoint-email
polly
qldb
quicksight
ram
rds-data
resource-groups
robomaker
s3outposts
sagemaker-a2i-runtime
sagemaker-edge
sagemaker-featurestore-runtime
sagemaker-runtime
savingsplans
securityhub
servicecatalog-appregistry
sesv2
signer
ssm-incidents
sso
sso-oidc
synthetics
wellarchitected
workdocs
worklink
workmailmessageflow
xray
